// Jest Snapshot v1, https://goo.gl/fbAQLP

exports[`Testing al cliente Es Luis 1`] = `
{
  "balance": 500,
  "name": "Luis",
  "tipo": "Premium",
}
`;
